[mcts] search is single-env by design; ignoring --num-envs
Battle 25/250 | running MCTS win rate: 0.92 (23/25) | search latency ms: mean 172 / p95 349 / max 463
Battle 50/250 | running MCTS win rate: 0.92 (46/50) | search latency ms: mean 185 / p95 353 / max 463
Battle 75/250 | running MCTS win rate: 0.92 (69/75) | search latency ms: mean 183 / p95 350 / max 463
Battle 100/250 | running MCTS win rate: 0.86 (86/100) | search latency ms: mean 184 / p95 350 / max 463
Battle 125/250 | running MCTS win rate: 0.83 (104/125) | search latency ms: mean 179 / p95 347 / max 463
Battle 150/250 | running MCTS win rate: 0.83 (125/150) | search latency ms: mean 175 / p95 343 / max 463
Traceback (most recent call last):
  File "/Users/laithassaf/Documents/Programs/Archived/pokemon-showdown/models/evaluate.py", line 622, in <module>
    main()
    ~~~~^^
  File "/Users/laithassaf/Documents/Programs/Archived/pokemon-showdown/models/evaluate.py", line 556, in main
    result = _run_battles_mcts_h2h(
        mcts, opponent_agent, args.battles, obs_v2=args.obs_v2,
    )
  File "/Users/laithassaf/Documents/Programs/Archived/pokemon-showdown/models/evaluate.py", line 330, in _run_battles_mcts_h2h
    a1 = _mcts_action(p1_state) if p1_state["needs"] else None
         ~~~~~~~~~~~~^^^^^^^^^^
  File "/Users/laithassaf/Documents/Programs/Archived/pokemon-showdown/models/evaluate.py", line 319, in _mcts_action
    action = mcts.act(env, seat["obs"].reshape(-1), seat["mask"])
  File "/Users/laithassaf/Documents/Programs/Archived/pokemon-showdown/models/mcts/mcts_agent.py", line 253, in act
    self._simulate(client, root)
    ~~~~~~~~~~~~~~^^^^^^^^^^^^^^
  File "/Users/laithassaf/Documents/Programs/Archived/pokemon-showdown/models/mcts/mcts_agent.py", line 379, in _simulate
    fork = client.sim_fork(node.sim_id)
  File "/Users/laithassaf/Documents/Programs/Archived/pokemon-showdown/models/gym_client.py", line 334, in sim_fork
    return self._parse_sim_state(self._send({"cmd": "sim_fork", "sim": int(sim_id)}))
                                 ~~~~~~~~~~^^^^^^^^^^^^^^^^^^^^^^^^^^^^^^^^^^^^^^^^^
  File "/Users/laithassaf/Documents/Programs/Archived/pokemon-showdown/models/gym_client.py", line 190, in _send
    return self._read()
           ~~~~~~~~~~^^
  File "/Users/laithassaf/Documents/Programs/Archived/pokemon-showdown/models/gym_client.py", line 184, in _read
    raise RuntimeError(response["error"])
RuntimeError: Cannot read properties of undefined (reading 'id')
